Archive member included to satisfy reference by file (symbol)

c:/ac6/systemworkbench/plugins/fr.ac6.mcu.externaltools.arm-none.win32_1.17.0.201812190825/tools/compiler/bin/../lib/gcc/arm-none-eabi/7.3.1/../../../../arm-none-eabi/lib/thumb/v7e-m/fpv4-sp/hard\libc.a(lib_a-errno.o)
                              src/syscalls.o (__errno)
c:/ac6/systemworkbench/plugins/fr.ac6.mcu.externaltools.arm-none.win32_1.17.0.201812190825/tools/compiler/bin/../lib/gcc/arm-none-eabi/7.3.1/../../../../arm-none-eabi/lib/thumb/v7e-m/fpv4-sp/hard\libc.a(lib_a-exit.o)
                              c:/ac6/systemworkbench/plugins/fr.ac6.mcu.externaltools.arm-none.win32_1.17.0.201812190825/tools/compiler/bin/../lib/gcc/arm-none-eabi/7.3.1/../../../../arm-none-eabi/lib/thumb/v7e-m/fpv4-sp/hard/crt0.o (exit)
c:/ac6/systemworkbench/plugins/fr.ac6.mcu.externaltools.arm-none.win32_1.17.0.201812190825/tools/compiler/bin/../lib/gcc/arm-none-eabi/7.3.1/../../../../arm-none-eabi/lib/thumb/v7e-m/fpv4-sp/hard\libc.a(lib_a-impure.o)
                              c:/ac6/systemworkbench/plugins/fr.ac6.mcu.externaltools.arm-none.win32_1.17.0.201812190825/tools/compiler/bin/../lib/gcc/arm-none-eabi/7.3.1/../../../../arm-none-eabi/lib/thumb/v7e-m/fpv4-sp/hard\libc.a(lib_a-exit.o) (_global_impure_ptr)
c:/ac6/systemworkbench/plugins/fr.ac6.mcu.externaltools.arm-none.win32_1.17.0.201812190825/tools/compiler/bin/../lib/gcc/arm-none-eabi/7.3.1/../../../../arm-none-eabi/lib/thumb/v7e-m/fpv4-sp/hard\libc.a(lib_a-init.o)
                              c:/ac6/systemworkbench/plugins/fr.ac6.mcu.externaltools.arm-none.win32_1.17.0.201812190825/tools/compiler/bin/../lib/gcc/arm-none-eabi/7.3.1/../../../../arm-none-eabi/lib/thumb/v7e-m/fpv4-sp/hard/crt0.o (__libc_init_array)
c:/ac6/systemworkbench/plugins/fr.ac6.mcu.externaltools.arm-none.win32_1.17.0.201812190825/tools/compiler/bin/../lib/gcc/arm-none-eabi/7.3.1/../../../../arm-none-eabi/lib/thumb/v7e-m/fpv4-sp/hard\libc.a(lib_a-itoa.o)
                              src/usart_printf.o (itoa)
c:/ac6/systemworkbench/plugins/fr.ac6.mcu.externaltools.arm-none.win32_1.17.0.201812190825/tools/compiler/bin/../lib/gcc/arm-none-eabi/7.3.1/../../../../arm-none-eabi/lib/thumb/v7e-m/fpv4-sp/hard\libc.a(lib_a-memcpy.o)
                              src/FreeRTOS/Source/queue.o (memcpy)
c:/ac6/systemworkbench/plugins/fr.ac6.mcu.externaltools.arm-none.win32_1.17.0.201812190825/tools/compiler/bin/../lib/gcc/arm-none-eabi/7.3.1/../../../../arm-none-eabi/lib/thumb/v7e-m/fpv4-sp/hard\libc.a(lib_a-memset.o)
                              c:/ac6/systemworkbench/plugins/fr.ac6.mcu.externaltools.arm-none.win32_1.17.0.201812190825/tools/compiler/bin/../lib/gcc/arm-none-eabi/7.3.1/../../../../arm-none-eabi/lib/thumb/v7e-m/fpv4-sp/hard/crt0.o (memset)
c:/ac6/systemworkbench/plugins/fr.ac6.mcu.externaltools.arm-none.win32_1.17.0.201812190825/tools/compiler/bin/../lib/gcc/arm-none-eabi/7.3.1/../../../../arm-none-eabi/lib/thumb/v7e-m/fpv4-sp/hard\libc.a(lib_a-utoa.o)
                              c:/ac6/systemworkbench/plugins/fr.ac6.mcu.externaltools.arm-none.win32_1.17.0.201812190825/tools/compiler/bin/../lib/gcc/arm-none-eabi/7.3.1/../../../../arm-none-eabi/lib/thumb/v7e-m/fpv4-sp/hard\libc.a(lib_a-itoa.o) (__utoa)
c:/ac6/systemworkbench/plugins/fr.ac6.mcu.externaltools.arm-none.win32_1.17.0.201812190825/tools/compiler/bin/../lib/gcc/arm-none-eabi/7.3.1/../../../../arm-none-eabi/lib/thumb/v7e-m/fpv4-sp/hard\libc.a(lib_a-__call_atexit.o)
                              c:/ac6/systemworkbench/plugins/fr.ac6.mcu.externaltools.arm-none.win32_1.17.0.201812190825/tools/compiler/bin/../lib/gcc/arm-none-eabi/7.3.1/../../../../arm-none-eabi/lib/thumb/v7e-m/fpv4-sp/hard\libc.a(lib_a-exit.o) (__call_exitprocs)
c:/ac6/systemworkbench/plugins/fr.ac6.mcu.externaltools.arm-none.win32_1.17.0.201812190825/tools/compiler/bin/../lib/gcc/arm-none-eabi/7.3.1/../../../../arm-none-eabi/lib/thumb/v7e-m/fpv4-sp/hard\libc.a(lib_a-atexit.o)
                              c:/ac6/systemworkbench/plugins/fr.ac6.mcu.externaltools.arm-none.win32_1.17.0.201812190825/tools/compiler/bin/../lib/gcc/arm-none-eabi/7.3.1/../../../../arm-none-eabi/lib/thumb/v7e-m/fpv4-sp/hard\libc.a(lib_a-__call_atexit.o) (atexit)
c:/ac6/systemworkbench/plugins/fr.ac6.mcu.externaltools.arm-none.win32_1.17.0.201812190825/tools/compiler/bin/../lib/gcc/arm-none-eabi/7.3.1/../../../../arm-none-eabi/lib/thumb/v7e-m/fpv4-sp/hard\libc.a(lib_a-fini.o)
                              c:/ac6/systemworkbench/plugins/fr.ac6.mcu.externaltools.arm-none.win32_1.17.0.201812190825/tools/compiler/bin/../lib/gcc/arm-none-eabi/7.3.1/../../../../arm-none-eabi/lib/thumb/v7e-m/fpv4-sp/hard\libc.a(lib_a-__call_atexit.o) (__libc_fini_array)
c:/ac6/systemworkbench/plugins/fr.ac6.mcu.externaltools.arm-none.win32_1.17.0.201812190825/tools/compiler/bin/../lib/gcc/arm-none-eabi/7.3.1/../../../../arm-none-eabi/lib/thumb/v7e-m/fpv4-sp/hard\libc.a(lib_a-lock.o)
[...]
Memory Configuration

Name             Origin             Length             Attributes
FLASH            0x08000000         0x00040000         xr
RAM              0x20000000         0x0000a000         xrw
CCMRAM           0x10000000         0x00002000         rw
*default*        0x00000000         0xffffffff

Linker script and memory map

LOAD c:/ac6/systemworkbench/plugins/fr.ac6.mcu.externaltools.arm-none.win32_1.17.0.201812190825/tools/compiler/bin/../lib/gcc/arm-none-eabi/7.3.1/thumb/v7e-m/fpv4-sp/hard/crti.o
LOAD c:/ac6/systemworkbench/plugins/fr.ac6.mcu.externaltools.arm-none.win32_1.17.0.201812190825/tools/compiler/bin/../lib/gcc/arm-none-eabi/7.3.1/thumb/v7e-m/fpv4-sp/hard/crtbegin.o
LOAD c:/ac6/systemworkbench/plugins/fr.ac6.mcu.externaltools.arm-none.win32_1.17.0.201812190825/tools/compiler/bin/../lib/gcc/arm-none-eabi/7.3.1/../../../../arm-none-eabi/lib/thumb/v7e-m/fpv4-sp/hard/crt0.o
LOAD StdPeriph_Driver/src/stm32f30x_adc.o
LOAD StdPeriph_Driver/src/stm32f30x_can.o
LOAD StdPeriph_Driver/src/stm32f30x_comp.o
LOAD StdPeriph_Driver/src/stm32f30x_crc.o
LOAD StdPeriph_Driver/src/stm32f30x_dac.o
LOAD StdPeriph_Driver/src/stm32f30x_dbgmcu.o
LOAD StdPeriph_Driver/src/stm32f30x_dma.o
LOAD StdPeriph_Driver/src/stm32f30x_exti.o
LOAD StdPeriph_Driver/src/stm32f30x_flash.o
LOAD StdPeriph_Driver/src/stm32f30x_gpio.o
LOAD StdPeriph_Driver/src/stm32f30x_i2c.o
LOAD StdPeriph_Driver/src/stm32f30x_iwdg.o
LOAD StdPeriph_Driver/src/stm32f30x_misc.o
LOAD StdPeriph_Driver/src/stm32f30x_opamp.o
LOAD StdPeriph_Driver/src/stm32f30x_pwr.o
LOAD StdPeriph_Driver/src/stm32f30x_rcc.o
LOAD StdPeriph_Driver/src/stm32f30x_rtc.o
LOAD StdPeriph_Driver/src/stm32f30x_spi.o
LOAD StdPeriph_Driver/src/stm32f30x_syscfg.o
LOAD StdPeriph_Driver/src/stm32f30x_tim.o
LOAD StdPeriph_Driver/src/stm32f30x_usart.o
LOAD StdPeriph_Driver/src/stm32f30x_wwdg.o
LOAD USB-FS-Device_Driver/src/usb_core.o
LOAD USB-FS-Device_Driver/src/usb_init.o
LOAD USB-FS-Device_Driver/src/usb_int.o
LOAD USB-FS-Device_Driver/src/usb_mem.o
LOAD USB-FS-Device_Driver/src/usb_regs.o
LOAD USB-FS-Device_Driver/src/usb_sil.o
LOAD Utilities/stm32f3_discovery.o
LOAD Utilities/stm32f3_discovery_l3gd20.o
LOAD Utilities/stm32f3_discovery_lsm303dlhc.o
LOAD src/FreeRTOS/Source/croutine.o
LOAD src/FreeRTOS/Source/event_groups.o
LOAD src/FreeRTOS/Source/list.o
LOAD src/FreeRTOS/Source/queue.o
LOAD src/FreeRTOS/Source/stream_buffer.o
LOAD src/FreeRTOS/Source/tasks.o
LOAD src/FreeRTOS/Source/timers.o
LOAD src/FreeRTOS/Source/portable/GCC/ARM_CM4F/port.o
LOAD src/FreeRTOS/Source/portable/MemMang/heap_2.o
LOAD src/gpio_config.o
LOAD src/main.o
LOAD src/rtos_tasks.o
LOAD src/syscalls.o
LOAD src/system_stm32f30x.o
LOAD src/usart_printf.o
LOAD startup/startup_stm32f30x.o
LOAD c:/ac6/systemworkbench/plugins/fr.ac6.mcu.externaltools.arm-none.win32_1.17.0.201812190825/tools/compiler/bin/../lib/gcc/arm-none-eabi/7.3.1/../../../../arm-none-eabi/lib/thumb/v7e-m/fpv4-sp/hard\libm.a
START GROUP
LOAD c:/ac6/systemworkbench/plugins/fr.ac6.mcu.externaltools.arm-none.win32_1.17.0.201812190825/tools/compiler/bin/../lib/gcc/arm-none-eabi/7.3.1/thumb/v7e-m/fpv4-sp/hard\libgcc.a
LOAD c:/ac6/systemworkbench/plugins/fr.ac6.mcu.externaltools.arm-none.win32_1.17.0.201812190825/tools/compiler/bin/../lib/gcc/arm-none-eabi/7.3.1/../../../../arm-none-eabi/lib/thumb/v7e-m/fpv4-sp/hard\libc.a
END GROUP
LOAD c:/ac6/systemworkbench/plugins/fr.ac6.mcu.externaltools.arm-none.win32_1.17.0.201812190825/tools/compiler/bin/../lib/gcc/arm-none-eabi/7.3.1/thumb/v7e-m/fpv4-sp/hard/crtend.o
LOAD c:/ac6/systemworkbench/plugins/fr.ac6.mcu.externaltools.arm-none.win32_1.17.0.201812190825/tools/compiler/bin/../lib/gcc/arm-none-eabi/7.3.1/thumb/v7e-m/fpv4-sp/hard/crtn.o
                0x2000a000                _estack = 0x2000a000
                0x00000200                _Min_Heap_Size = 0x200
                0x00000400                _Min_Stack_Size = 0x400

.isr_vector     0x08000000      0x188
                0x08000000                . = ALIGN (0x4)
 *(.isr_vector)
 .isr_vector    0x08000000      0x188 startup/startup_stm32f30x.o
                0x08000000                g_pfnVectors
                0x08000188                . = ALIGN (0x4)

.text           0x08000190     0x3704
                0x08000190                . = ALIGN (0x4)
 *(.text)
 .text          0x08000190       0x40 c:/ac6/systemworkbench/plugins/fr.ac6.mcu.externaltools.arm-none.win32_1.17.0.201812190825/tools/compiler/bin/../lib/gcc/arm-none-eabi/7.3.1/thumb/v7e-m/fpv4-sp/hard/crtbegin.o
 .text          0x080001d0      0x134 c:/ac6/systemworkbench/plugins/fr.ac6.mcu.externaltools.arm-none.win32_1.17.0.201812190825/tools/compiler/bin/../lib/gcc/arm-none-eabi/7.3.1/../../../../arm-none-eabi/lib/thumb/v7e-m/fpv4-sp/hard\libc.a(lib_a-memcpy.o)
                0x080001d0                memcpy
 *(.text*)
 .text.GPIO_Init
                0x08000304      0x12a StdPeriph_Driver/src/stm32f30x_gpio.o
                0x08000304                GPIO_Init
 .text.GPIO_PinAFConfig
                0x0800042e       0x92 StdPeriph_Driver/src/stm32f30x_gpio.o
                0x0800042e                GPIO_PinAFConfig
 .text.NVIC_Init
                0x080004c0       0xc8 StdPeriph_Driver/src/stm32f30x_misc.o
                0x080004c0                NVIC_Init
 .text.RCC_GetClocksFreq
                0x08000588      0x41c StdPeriph_Driver/src/stm32f30x_rcc.o
                0x08000588                RCC_GetClocksFreq
 .text.RCC_AHBPeriphClockCmd
                0x080009a4       0x40 StdPeriph_Driver/src/stm32f30x_rcc.o
                0x080009a4                RCC_AHBPeriphClockCmd
 .text.RCC_APB1PeriphClockCmd
                0x080009e4       0x40 StdPeriph_Driver/src/stm32f30x_rcc.o
                0x080009e4                RCC_APB1PeriphClockCmd
 .text.USART_Init
                0x08000a24      0x178 StdPeriph_Driver/src/stm32f30x_usart.o
                0x08000a24                USART_Init
 .text.USART_ClockInit
                0x08000b9c       0x4a StdPeriph_Driver/src/stm32f30x_usart.o
                0x08000b9c                USART_ClockInit
 .text.USART_ClockStructInit
                0x08000be6       0x2c StdPeriph_Driver/src/stm32f30x_usart.o
                0x08000be6                USART_ClockStructInit
 .text.USART_Cmd
                0x08000c12       0x38 StdPeriph_Driver/src/stm32f30x_usart.o
                0x08000c12                USART_Cmd
 .text.USART_ITConfig
                0x08000c4a       0x84 StdPeriph_Driver/src/stm32f30x_usart.o
                0x08000c4a                USART_ITConfig
 .text.USART_GetITStatus
                0x08000cce       0xa0 StdPeriph_Driver/src/stm32f30x_usart.o
                0x08000cce                USART_GetITStatus
 .text.vListInitialise
                0x08000d6e       0x40 src/FreeRTOS/Source/list.o
                0x08000d6e                vListInitialise
 .text.vListInitialiseItem
                0x08000dae       0x1a src/FreeRTOS/Source/list.o
                0x08000dae                vListInitialiseItem
 .text.vListInsertEnd
                0x08000dc8       0x48 src/FreeRTOS/Source/list.o
                0x08000dc8                vListInsertEnd
 .text.vListInsert
                0x08000e10       0x72 src/FreeRTOS/Source/list.o
                0x08000e10                vListInsert
 .text.uxListRemove
                0x08000e82       0x54 src/FreeRTOS/Source/list.o
                0x08000e82                uxListRemove
 *fill*         0x08000ed6        0x2 
 .text.xQueueGenericReset
                0x08000ed8       0xd0 src/FreeRTOS/Source/queue.o
                0x08000ed8                xQueueGenericReset
 .text.xQueueGenericCreate
                0x08000fa8       0x6a src/FreeRTOS/Source/queue.o
                0x08000fa8                xQueueGenericCreate
 .text.prvInitialiseNewQueue
                0x08001012       0x46 src/FreeRTOS/Source/queue.o
 .text.xQueueGenericSend
                0x08001058      0x1f4 src/FreeRTOS/Source/queue.o
                0x08001058                xQueueGenericSend
 .text.xQueueGenericSendFromISR
                0x0800124c      0x12e src/FreeRTOS/Source/queue.o
                0x0800124c                xQueueGenericSendFromISR
 *fill*         0x0800137a        0x2 
 .text.xQueueReceive
                0x0800137c      0x1b8 src/FreeRTOS/Source/queue.o
                0x0800137c                xQueueReceive
 .text.prvCopyDataToQueue
                0x08001534       0xd4 src/FreeRTOS/Source/queue.o
 .text.prvCopyDataFromQueue
                0x08001608       0x4c src/FreeRTOS/Source/queue.o
 .text.prvUnlockQueue
                0x08001654       0xa4 src/FreeRTOS/Source/queue.o
 .text.prvIsQueueEmpty
                0x080016f8       0x2c src/FreeRTOS/Source/queue.o
 .text.prvIsQueueFull
                0x08001724       0x30 src/FreeRTOS/Source/queue.o
 .text.vQueueAddToRegistry
                0x08001754       0x50 src/FreeRTOS/Source/queue.o
                0x08001754                vQueueAddToRegistry
 .text.vQueueWaitForMessageRestricted
                0x080017a4       0x68 src/FreeRTOS/Source/queue.o
                0x080017a4                vQueueWaitForMessageRestricted
 .text.xTaskCreate
                0x0800180c       0x82 src/FreeRTOS/Source/tasks.o
                0x0800180c                xTaskCreate
 .text.prvInitialiseNewTask
                0x0800188e      0x11c src/FreeRTOS/Source/tasks.o
 *fill*         0x080019aa        0x2 
 .text.prvAddNewTaskToReadyList
                0x080019ac       0xdc src/FreeRTOS/Source/tasks.o
 .text.vTaskDelayUntil
                0x08001a88       0xf4 src/FreeRTOS/Source/tasks.o
                0x08001a88                vTaskDelayUntil
 .text.vTaskStartScheduler
                0x08001b7c       0x98 src/FreeRTOS/Source/tasks.o
                0x08001b7c                vTaskStartScheduler
 .text.vTaskSuspendAll
                0x08001c14       0x1c src/FreeRTOS/Source/tasks.o
                0x08001c14                vTaskSuspendAll
 .text.xTaskResumeAll
                0x08001c30      0x138 src/FreeRTOS/Source/tasks.o
                0x08001c30                xTaskResumeAll
 .text.xTaskGetTickCount
                0x08001d68       0x20 src/FreeRTOS/Source/tasks.o
                0x08001d68                xTaskGetTickCount
 .text.xTaskIncrementTick
                0x08001d88      0x170 src/FreeRTOS/Source/tasks.o
                0x08001d88                xTaskIncrementTick
 .text.vTaskSwitchContext
                0x08001ef8       0xb4 src/FreeRTOS/Source/tasks.o
                0x08001ef8                vTaskSwitchContext
 .text.vTaskPlaceOnEventList
                0x08001fac       0x48 src/FreeRTOS/Source/tasks.o
                0x08001fac                vTaskPlaceOnEventList
 .text.vTaskPlaceOnEventListRestricted
                0x08001ff4       0x54 src/FreeRTOS/Source/tasks.o
                0x08001ff4                vTaskPlaceOnEventListRestricted
 .text.xTaskRemoveFromEventList
                0x08002048       0xc4 src/FreeRTOS/Source/tasks.o
                0x08002048                xTaskRemoveFromEventList
 .text.vTaskInternalSetTimeOutState
                0x0800210c       0x2c src/FreeRTOS/Source/tasks.o
                0x0800210c                vTaskInternalSetTimeOutState
 .text.xTaskCheckForTimeOut
                0x08002138       0xc0 src/FreeRTOS/Source/tasks.o
                0x08002138                xTaskCheckForTimeOut
 .text.vTaskMissedYield
                0x080021f8       0x18 src/FreeRTOS/Source/tasks.o
                0x080021f8                vTaskMissedYield
 .text.prvIdleTask
                0x08002210       0x30 src/FreeRTOS/Source/tasks.o
 .text.prvInitialiseTaskLists
                0x08002240       0x80 src/FreeRTOS/Source/tasks.o
 .text.prvCheckTasksWaitingTermination
                0x080022c0       0x58 src/FreeRTOS/Source/tasks.o
 .text.prvDeleteTCB
                0x08002318       0x20 src/FreeRTOS/Source/tasks.o
 .text.prvResetNextTaskUnblockTime
                0x08002338       0x40 src/FreeRTOS/Source/tasks.o
 .text.xTaskGetSchedulerState
                0x08002378       0x3c src/FreeRTOS/Source/tasks.o
                0x08002378                xTaskGetSchedulerState
 .text.xTaskPriorityDisinherit
                0x080023b4      0x108 src/FreeRTOS/Source/tasks.o
                0x080023b4                xTaskPriorityDisinherit
 .text.prvAddCurrentTaskToDelayedList
                0x080024bc       0xcc src/FreeRTOS/Source/tasks.o
 .text.xTimerCreateTimerTask
                0x08002588       0x60 src/FreeRTOS/Source/timers.o
                0x08002588                xTimerCreateTimerTask
 .text.xTimerGenericCommand
                0x080025e8       0x98 src/FreeRTOS/Source/timers.o
                0x080025e8                xTimerGenericCommand
 .text.prvProcessExpiredTimer
                0x08002680       0x98 src/FreeRTOS/Source/timers.o
 .text.prvTimerTask
                0x08002718       0x24 src/FreeRTOS/Source/timers.o
 .text.prvProcessTimerOrBlockTask
                0x0800273c       0x9c src/FreeRTOS/Source/timers.o
 .text.prvGetNextExpireTime
                0x080027d8       0x48 src/FreeRTOS/Source/timers.o
 .text.prvSampleTimeNow
                0x08002820       0x40 src/FreeRTOS/Source/timers.o
 .text.prvInsertTimerInActiveList
                0x08002860       0x84 src/FreeRTOS/Source/timers.o
 .text.prvProcessReceivedCommands
                0x080028e4      0x188 src/FreeRTOS/Source/timers.o
 .text.prvSwitchTimerLists
                0x08002a6c       0xc8 src/FreeRTOS/Source/timers.o
 .text.prvCheckForValidListAndQueue
                0x08002b34       0x6c src/FreeRTOS/Source/timers.o
 .text.pxPortInitialiseStack
                0x08002ba0       0x68 src/FreeRTOS/Source/portable/GCC/ARM_CM4F/port.o
                0x08002ba0                pxPortInitialiseStack
 .text.prvTaskExitError
                0x08002c08       0x54 src/FreeRTOS/Source/portable/GCC/ARM_CM4F/port.o
 *fill*         0x08002c5c        0x4 
 .text.SVC_Handler
                0x08002c60       0x28 src/FreeRTOS/Source/portable/GCC/ARM_CM4F/port.o
                0x08002c60                SVC_Handler
 .text.prvPortStartFirstTask
                0x08002c88       0x28 src/FreeRTOS/Source/portable/GCC/ARM_CM4F/port.o
 .text.xPortStartScheduler
                0x08002cb0      0x13c src/FreeRTOS/Source/portable/GCC/ARM_CM4F/port.o
                0x08002cb0                xPortStartScheduler
 .text.vPortEnterCritical
                0x08002dec       0x5c src/FreeRTOS/Source/portable/GCC/ARM_CM4F/port.o
                0x08002dec                vPortEnterCritical
 .text.vPortExitCritical
                0x08002e48       0x50 src/FreeRTOS/Source/portable/GCC/ARM_CM4F/port.o
                0x08002e48                vPortExitCritical
 *fill*         0x08002e98        0x8 
 .text.PendSV_Handler
                0x08002ea0       0x68 src/FreeRTOS/Source/portable/GCC/ARM_CM4F/port.o
                0x08002ea0                PendSV_Handler
 .text.SysTick_Handler
                0x08002f08       0x40 src/FreeRTOS/Source/portable/GCC/ARM_CM4F/port.o
                0x08002f08                SysTick_Handler
 .text.vPortSetupTimerInterrupt
                0x08002f48       0x48 src/FreeRTOS/Source/portable/GCC/ARM_CM4F/port.o
                0x08002f48                vPortSetupTimerInterrupt
 .text.vPortEnableVFP
                0x08002f90       0x14 src/FreeRTOS/Source/portable/GCC/ARM_CM4F/port.o
 .text.vPortValidateInterruptPriority
                0x08002fa4       0x7c src/FreeRTOS/Source/portable/GCC/ARM_CM4F/port.o
                0x08002fa4                vPortValidateInterruptPriority
 .text.pvPortMalloc
                0x08003020      0x11c src/FreeRTOS/Source/portable/MemMang/heap_2.o
                0x08003020                pvPortMalloc
 .text.vPortFree
                0x0800313c       0x74 src/FreeRTOS/Source/portable/MemMang/heap_2.o
                0x0800313c                vPortFree
 .text.prvHeapInit
                0x080031b0       0x54 src/FreeRTOS/Source/portable/MemMang/heap_2.o
 .text.init_GPIO
                0x08003204       0x3c src/gpio_config.o
                0x08003204                init_GPIO
 .text.GPIO_ToggleBits
                0x08003240       0x28 src/gpio_config.o
                0x08003240                GPIO_ToggleBits
 .text.main     0x08003268       0x64 src/main.o
                0x08003268                main
 .text.task0    0x080032cc       0x3c src/rtos_tasks.o
                0x080032cc                task0
 .text.task1    0x08003308       0x3c src/rtos_tasks.o
                0x08003308                task1
 .text.SystemInit
                0x08003344       0x94 src/system_stm32f30x.o
                0x08003344                SystemInit
 .text.SetSysClock
                0x080033d8       0xe4 src/system_stm32f30x.o
 .text.uartConfig
                0x080034bc       0xe0 src/usart_printf.o
                0x080034bc                uartConfig
 .text.UU_PutChar
                0x0800359c       0x30 src/usart_printf.o
                0x0800359c                UU_PutChar
 .text.u_printf
                0x080035cc       0x2a src/usart_printf.o
                0x080035cc                u_printf
 *fill*         0x080035f6        0x2 
 .text.USART2_IRQHandler
                0x080035f8       0x40 src/usart_printf.o
                0x080035f8                USART2_IRQHandler
 .text.Reset_Handler
                0x08003638       0x48 startup/startup_stm32f30x.o
                0x08003638                Reset_Handler
 .text.Default_Handler
                0x08003680        0x2 startup/startup_stm32f30x.o
                0x08003680                RTC_Alarm_IRQHandler
                0x08003680                TIM8_TRG_COM_IRQHandler
                0x08003680                TIM8_CC_IRQHandler
                0x08003680                DebugMon_Handler
                0x08003680                TIM1_CC_IRQHandler
                0x08003680                HardFault_Handler
                0x08003680                USB_HP_IRQHandler
                0x08003680                PVD_IRQHandler
                0x08003680                NMI_Handler
                0x08003680                EXTI3_IRQHandler
                0x08003680                EXTI0_IRQHandler
                0x08003680                I2C2_EV_IRQHandler
                0x08003680                FPU_IRQHandler
                0x08003680                EXTI2_TS_IRQHandler
                0x08003680                TIM1_UP_TIM16_IRQHandler
                0x08003680                UsageFault_Handler
                0x08003680                ADC1_2_IRQHandler
                0x08003680                SPI1_IRQHandler
                0x08003680                TIM6_DAC_IRQHandler
                0x08003680                TIM8_UP_IRQHandler
                0x08003680                DMA2_Channel2_IRQHandler
                0x08003680                DMA1_Channel4_IRQHandler
                0x08003680                USART3_IRQHandler
                0x08003680                DMA1_Channel7_IRQHandler
                0x08003680                CAN1_RX1_IRQHandler
                0x08003680                UART5_IRQHandler
                0x08003680                ADC3_IRQHandler
                0x08003680                TIM4_IRQHandler
                0x08003680                DMA2_Channel1_IRQHandler
                0x08003680                I2C1_EV_IRQHandler
                0x08003680                DMA1_Channel6_IRQHandler
                0x08003680                UART4_IRQHandler
                0x08003680                DMA2_Channel4_IRQHandler
                0x08003680                TIM3_IRQHandler
                0x08003680                RCC_IRQHandler
                0x08003680                DMA1_Channel1_IRQHandler
                0x08003680                Default_Handler
                0x08003680                USBWakeUp_RMP_IRQHandler
                0x08003680                EXTI15_10_IRQHandler
                0x08003680                TIM7_IRQHandler
                0x08003680                EXTI9_5_IRQHandler
                0x08003680                TAMPER_STAMP_IRQHandler
                0x08003680                RTC_WKUP_IRQHandler
                0x08003680                SPI2_IRQHandler
                0x08003680                MemManage_Handler
                0x08003680                DMA2_Channel5_IRQHandler
                0x08003680                DMA1_Channel5_IRQHandler
                0x08003680                USB_LP_IRQHandler
                0x08003680                EXTI4_IRQHandler
                0x08003680                USB_LP_CAN1_RX0_IRQHandler
                0x08003680                TIM1_TRG_COM_TIM17_IRQHandler
                0x08003680                USB_HP_CAN1_TX_IRQHandler
                0x08003680                DMA1_Channel3_IRQHandler
                0x08003680                ADC4_IRQHandler
                0x08003680                WWDG_IRQHandler
                0x08003680                TIM2_IRQHandler
                0x08003680                COMP7_IRQHandler
                0x08003680                COMP1_2_3_IRQHandler
                0x08003680                EXTI1_IRQHandler
                0x08003680                COMP4_5_6_IRQHandler
                0x08003680                I2C2_ER_IRQHandler
                0x08003680                DMA1_Channel2_IRQHandler
                0x08003680                TIM8_BRK_IRQHandler
                0x08003680                CAN1_SCE_IRQHandler
                0x08003680                FLASH_IRQHandler
                0x08003680                BusFault_Handler
                0x08003680                USART1_IRQHandler
                0x08003680                SPI3_IRQHandler
                0x08003680                I2C1_ER_IRQHandler
                0x08003680                USBWakeUp_IRQHandler
                0x08003680                DMA2_Channel3_IRQHandler
                0x08003680                TIM1_BRK_TIM15_IRQHandler
 *fill*         0x08003682        0x2 
 .text.__libc_init_array
                0x08003684       0x48 c:/ac6/systemworkbench/plugins/fr.ac6.mcu.externaltools.arm-none.win32_1.17.0.201812190825/tools/compiler/bin/../lib/gcc/arm-none-eabi/7.3.1/../../../../arm-none-eabi/lib/thumb/v7e-m/fpv4-sp/hard\libc.a(lib_a-init.o)
                0x08003684                __libc_init_array
 .text.memset   0x080036cc       0x94 c:/ac6/systemworkbench/plugins/fr.ac6.mcu.externaltools.arm-none.win32_1.17.0.201812190825/tools/compiler/bin/../lib/gcc/arm-none-eabi/7.3.1/../../../../arm-none-eabi/lib/thumb/v7e-m/fpv4-sp/hard\libc.a(lib_a-memset.o)
                0x080036cc                memset
 .text.startup.register_fini
                0x08003760       0x14 c:/ac6/systemworkbench/plugins/fr.ac6.mcu.externaltools.arm-none.win32_1.17.0.201812190825/tools/compiler/bin/../lib/gcc/arm-none-eabi/7.3.1/../../../../arm-none-eabi/lib/thumb/v7e-m/fpv4-sp/hard\libc.a(lib_a-__call_atexit.o)
 .text.atexit   0x08003774        0xc c:/ac6/systemworkbench/plugins/fr.ac6.mcu.externaltools.arm-none.win32_1.17.0.201812190825/tools/compiler/bin/../lib/gcc/arm-none-eabi/7.3.1/../../../../arm-none-eabi/lib/thumb/v7e-m/fpv4-sp/hard\libc.a(lib_a-atexit.o)
                0x08003774                atexit
 .text.__libc_fini_array
                0x08003780       0x34 c:/ac6/systemworkbench/plugins/fr.ac6.mcu.externaltools.arm-none.win32_1.17.0.201812190825/tools/compiler/bin/../lib/gcc/arm-none-eabi/7.3.1/../../../../arm-none-eabi/lib/thumb/v7e-m/fpv4-sp/hard\libc.a(lib_a-fini.o)
                0x08003780                __libc_fini_array
 .text.__retarget_lock_acquire_recursive
                0x080037b4        0x4 c:/ac6/systemworkbench/plugins/fr.ac6.mcu.externaltools.arm-none.win32_1.17.0.201812190825/tools/compiler/bin/../lib/gcc/arm-none-eabi/7.3.1/../../../../arm-none-eabi/lib/thumb/v7e-m/fpv4-sp/hard\libc.a(lib_a-lock.o)
                0x080037b4                __retarget_lock_acquire_recursive
 .text.__retarget_lock_release_recursive
                0x080037b8        0x4 c:/ac6/systemworkbench/plugins/fr.ac6.mcu.externaltools.arm-none.win32_1.17.0.201812190825/tools/compiler/bin/../lib/gcc/arm-none-eabi/7.3.1/../../../../arm-none-eabi/lib/thumb/v7e-m/fpv4-sp/hard\libc.a(lib_a-lock.o)
                0x080037b8                __retarget_lock_release_recursive
 .text.__register_exitproc
                0x080037bc       0xc0 c:/ac6/systemworkbench/plugins/fr.ac6.mcu.externaltools.arm-none.win32_1.17.0.201812190825/tools/compiler/bin/../lib/gcc/arm-none-eabi/7.3.1/../../../../arm-none-eabi/lib/thumb/v7e-m/fpv4-sp/hard\libc.a(lib_a-__atexit.o)
                0x080037bc                __register_exitproc
 *(.glue_7)
 .glue_7        0x0800387c        0x0 linker stubs
 *(.glue_7t)
 .glue_7t       0x0800387c        0x0 linker stubs
 *(.eh_frame)
 .eh_frame      0x0800387c        0x0 c:/ac6/systemworkbench/plugins/fr.ac6.mcu.externaltools.arm-none.win32_1.17.0.201812190825/tools/compiler/bin/../lib/gcc/arm-none-eabi/7.3.1/thumb/v7e-m/fpv4-sp/hard/crtbegin.o
 *(.init)
 .init          0x0800387c        0x4 c:/ac6/systemworkbench/plugins/fr.ac6.mcu.externaltools.arm-none.win32_1.17.0.201812190825/tools/compiler/bin/../lib/gcc/arm-none-eabi/7.3.1/thumb/v7e-m/fpv4-sp/hard/crti.o
                0x0800387c                _init
 .init          0x08003880        0x8 c:/ac6/systemworkbench/plugins/fr.ac6.mcu.externaltools.arm-none.win32_1.17.0.201812190825/tools/compiler/bin/../lib/gcc/arm-none-eabi/7.3.1/thumb/v7e-m/fpv4-sp/hard/crtn.o
 *(.fini)
 .fini          0x08003888        0x4 c:/ac6/systemworkbench/plugins/fr.ac6.mcu.externaltools.arm-none.win32_1.17.0.201812190825/tools/compiler/bin/../lib/gcc/arm-none-eabi/7.3.1/thumb/v7e-m/fpv4-sp/hard/crti.o
                0x08003888                _fini
 .fini          0x0800388c        0x8 c:/ac6/systemworkbench/plugins/fr.ac6.mcu.externaltools.arm-none.win32_1.17.0.201812190825/tools/compiler/bin/../lib/gcc/arm-none-eabi/7.3.1/thumb/v7e-m/fpv4-sp/hard/crtn.o
                0x08003894                . = ALIGN (0x4)
                0x08003894                _etext = .

.vfp11_veneer   0x08003894        0x0
 .vfp11_veneer  0x08003894        0x0 linker stubs

.v4_bx          0x08003894        0x0
 .v4_bx         0x08003894        0x0 linker stubs

.iplt           0x08003894        0x0
 .iplt          0x08003894        0x0 c:/ac6/systemworkbench/plugins/fr.ac6.mcu.externaltools.arm-none.win32_1.17.0.201812190825/tools/compiler/bin/../lib/gcc/arm-none-eabi/7.3.1/thumb/v7e-m/fpv4-sp/hard/crtbegin.o

.rodata         0x08003894       0x6c
                0x08003894                . = ALIGN (0x4)
 *(.rodata)
 .rodata        0x08003894        0x5 src/FreeRTOS/Source/tasks.o
 *fill*         0x08003899        0x3 
 .rodata        0x0800389c        0xd src/FreeRTOS/Source/timers.o
 *fill*         0x080038a9        0x3 
 .rodata        0x080038ac       0x4e src/main.o
 *(.rodata*)
 *fill*         0x080038fa        0x2 
 .rodata._global_impure_ptr
                0x080038fc        0x4 c:/ac6/systemworkbench/plugins/fr.ac6.mcu.externaltools.arm-none.win32_1.17.0.201812190825/tools/compiler/bin/../lib/gcc/arm-none-eabi/7.3.1/../../../../arm-none-eabi/lib/thumb/v7e-m/fpv4-sp/hard\libc.a(lib_a-impure.o)
                0x080038fc                _global_impure_ptr
                0x08003900                . = ALIGN (0x4)

.rel.dyn        0x08003900        0x0
 .rel.iplt      0x08003900        0x0 c:/ac6/systemworkbench/plugins/fr.ac6.mcu.externaltools.arm-none.win32_1.17.0.201812190825/tools/compiler/bin/../lib/gcc/arm-none-eabi/7.3.1/thumb/v7e-m/fpv4-sp/hard/crtbegin.o

.ARM.extab
 *(.ARM.extab* .gnu.linkonce.armextab.*)

.ARM            0x08003900        0x0
                0x08003900                __exidx_start = .
 *(.ARM.exidx*)
                0x08003900                __exidx_end = .

.preinit_array  0x08003900        0x0
                0x08003900                PROVIDE (__preinit_array_start = .)
 *(.preinit_array*)
                0x08003900                PROVIDE (__preinit_array_end = .)

.init_array     0x08003900        0x8
                0x08003900                PROVIDE (__init_array_start = .)
 *(SORT_BY_NAME(.init_array.*))
 .init_array.00000
                0x08003900        0x4 c:/ac6/systemworkbench/plugins/fr.ac6.mcu.externaltools.arm-none.win32_1.17.0.201812190825/tools/compiler/bin/../lib/gcc/arm-none-eabi/7.3.1/../../../../arm-none-eabi/lib/thumb/v7e-m/fpv4-sp/hard\libc.a(lib_a-__call_atexit.o)
 *(.init_array*)
 .init_array    0x08003904        0x4 c:/ac6/systemworkbench/plugins/fr.ac6.mcu.externaltools.arm-none.win32_1.17.0.201812190825/tools/compiler/bin/../lib/gcc/arm-none-eabi/7.3.1/thumb/v7e-m/fpv4-sp/hard/crtbegin.o
                0x08003908                PROVIDE (__init_array_end = .)

.fini_array     0x08003908        0x4
                0x08003908                PROVIDE (__fini_array_start = .)
 *(SORT_BY_NAME(.fini_array.*))
 *(.fini_array*)
 .fini_array    0x08003908        0x4 c:/ac6/systemworkbench/plugins/fr.ac6.mcu.externaltools.arm-none.win32_1.17.0.201812190825/tools/compiler/bin/../lib/gcc/arm-none-eabi/7.3.1/thumb/v7e-m/fpv4-sp/hard/crtbegin.o
                0x0800390c                PROVIDE (__fini_array_end = .)
                0x0800390c                _sidata = LOADADDR (.data)

.data           0x20000000      0x47c load address 0x0800390c
                0x20000000                . = ALIGN (0x4)
                0x20000000                _sdata = .
 *(.data)
 .data          0x20000000       0x2a StdPeriph_Driver/src/stm32f30x_rcc.o
 *fill*         0x2000002a        0x2 
 .data          0x2000002c        0x4 src/FreeRTOS/Source/portable/GCC/ARM_CM4F/port.o
 .data          0x20000030        0x4 src/FreeRTOS/Source/portable/MemMang/heap_2.o
 .data          0x20000034        0x8 src/main.o
                0x20000034                task0_text
                0x20000038                task1_text
 .data          0x2000003c       0x14 src/system_stm32f30x.o
                0x2000003c                SystemCoreClock
                0x20000040                AHBPrescTable
 *(.data*)
 .data.impure_data
                0x20000050      0x428 c:/ac6/systemworkbench/plugins/fr.ac6.mcu.externaltools.arm-none.win32_1.17.0.201812190825/tools/compiler/bin/../lib/gcc/arm-none-eabi/7.3.1/../../../../arm-none-eabi/lib/thumb/v7e-m/fpv4-sp/hard\libc.a(lib_a-impure.o)
 .data.__atexit_recursive_mutex
                0x20000478        0x4 c:/ac6/systemworkbench/plugins/fr.ac6.mcu.externaltools.arm-none.win32_1.17.0.201812190825/tools/compiler/bin/../lib/gcc/arm-none-eabi/7.3.1/../../../../arm-none-eabi/lib/thumb/v7e-m/fpv4-sp/hard\libc.a(lib_a-__call_atexit.o)
                0x20000478                __atexit_recursive_mutex
                0x2000047c                . = ALIGN (0x4)
                0x2000047c                _edata = .
                0x08003d88                _siccmram = LOADADDR (.ccmram)

.igot.plt       0x2000047c        0x0 load address 0x08003d88
 .igot.plt      0x2000047c        0x0 c:/ac6/systemworkbench/plugins/fr.ac6.mcu.externaltools.arm-none.win32_1.17.0.201812190825/tools/compiler/bin/../lib/gcc/arm-none-eabi/7.3.1/thumb/v7e-m/fpv4-sp/hard/crtbegin.o

.ccmram         0x10000000        0x0 load address 0x08003d88
                0x10000000                . = ALIGN (0x4)
                0x10000000                _sccmram = .
 *(.ccmram)
 *(.ccmram*)
                0x10000000                . = ALIGN (0x4)
                0x10000000                _eccmram = .
                0x10000000                . = ALIGN (0x4)

.bss            0x2000047c     0x1b7c
                0x2000047c                _sbss = .
                0x2000047c                __bss_start__ = _sbss
 *(.bss)
 .bss           0x2000047c       0x1c c:/ac6/systemworkbench/plugins/fr.ac6.mcu.externaltools.arm-none.win32_1.17.0.201812190825/tools/compiler/bin/../lib/gcc/arm-none-eabi/7.3.1/thumb/v7e-m/fpv4-sp/hard/crtbegin.o
 .bss           0x20000498      0x104 src/FreeRTOS/Source/tasks.o
                0x20000498                pxCurrentTCB
 .bss           0x2000059c       0x3c src/FreeRTOS/Source/timers.o
 .bss           0x200005d8        0x8 src/FreeRTOS/Source/portable/GCC/ARM_CM4F/port.o
 .bss           0x200005e0     0x1978 src/FreeRTOS/Source/portable/MemMang/heap_2.o
 .bss           0x20001f58        0x8 src/rtos_tasks.o
                0x20001f58                task0Handle
                0x20001f5c                task1Handle
 *(.bss*)
 *(COMMON)
 COMMON         0x20001f60       0x40 src/FreeRTOS/Source/queue.o
                0x20001f60                xQueueRegistry
 COMMON         0x20001fa0       0x34 src/usart_printf.o
                0x20001fa0                rec_string
                0x20001fd3                rx_char
 COMMON         0x20001fd4       0x21 c:/ac6/systemworkbench/plugins/fr.ac6.mcu.externaltools.arm-none.win32_1.17.0.201812190825/tools/compiler/bin/../lib/gcc/arm-none-eabi/7.3.1/../../../../arm-none-eabi/lib/thumb/v7e-m/fpv4-sp/hard\libc.a(lib_a-lock.o)
                0x20001fd4                __lock___atexit_recursive_mutex
                0x20001fd8                __lock___arc4random_mutex
                0x20001fdc                __lock___env_recursive_mutex
                0x20001fe0                __lock___sinit_recursive_mutex
                0x20001fe4                __lock___malloc_recursive_mutex
                0x20001fe8                __lock___at_quick_exit_mutex
                0x20001fec                __lock___dd_hash_mutex
                0x20001ff0                __lock___tz_mutex
                0x20001ff4                __lock___sfp_recursive_mutex
                0x20001ff8                . = ALIGN (0x4)
 *fill*         0x20001ff5        0x3 
                0x20001ff8                _ebss = .
                0x20001ff8                __bss_end__ = _ebss

._user_heap_stack
                0x20001ff8      0x600
                0x20001ff8                . = ALIGN (0x8)
                0x20001ff8                PROVIDE (end = .)
                [!provide]                PROVIDE (_end = .)
                0x200021f8                . = (. + _Min_Heap_Size)
 *fill*         0x20001ff8      0x200 
                0x200025f8                . = (. + _Min_Stack_Size)
 *fill*         0x200021f8      0x400 
                0x200025f8                . = ALIGN (0x8)

/DISCARD/
 libc.a(*)
 libm.a(*)
 libgcc.a(*)

.ARM.attributes
                0x00000000       0x30
 *(.ARM.attributes)
 .ARM.attributes
                0x00000000       0x22 c:/ac6/systemworkbench/plugins/fr.ac6.mcu.externaltools.arm-none.win32_1.17.0.201812190825/tools/compiler/bin/../lib/gcc/arm-none-eabi/7.3.1/thumb/v7e-m/fpv4-sp/hard/crti.o
 .ARM.attributes
                0x00000022       0x34 c:/ac6/systemworkbench/plugins/fr.ac6.mcu.externaltools.arm-none.win32_1.17.0.201812190825/tools/compiler/bin/../lib/gcc/arm-none-eabi/7.3.1/thumb/v7e-m/fpv4-sp/hard/crtbegin.o
 .ARM.attributes
                0x00000056       0x39 StdPeriph_Driver/src/stm32f30x_gpio.o
 .ARM.attributes
                0x0000008f       0x39 StdPeriph_Driver/src/stm32f30x_misc.o
 .ARM.attributes
                0x000000c8       0x39 StdPeriph_Driver/src/stm32f30x_rcc.o
 .ARM.attributes
                0x00000101       0x39 StdPeriph_Driver/src/stm32f30x_usart.o
 .ARM.attributes
                0x0000013a       0x39 src/FreeRTOS/Source/list.o
 .ARM.attributes
                0x00000173       0x39 src/FreeRTOS/Source/queue.o
 .ARM.attributes
                0x000001ac       0x39 src/FreeRTOS/Source/tasks.o
 .ARM.attributes
                0x000001e5       0x39 src/FreeRTOS/Source/timers.o
 .ARM.attributes
                0x0000021e       0x39 src/FreeRTOS/Source/portable/GCC/ARM_CM4F/port.o
 .ARM.attributes
                0x00000257       0x39 src/FreeRTOS/Source/portable/MemMang/heap_2.o
 .ARM.attributes
                0x00000290       0x39 src/gpio_config.o
 .ARM.attributes
                0x000002c9       0x39 src/main.o
 .ARM.attributes
                0x00000302       0x39 src/rtos_tasks.o
 .ARM.attributes
                0x0000033b       0x39 src/system_stm32f30x.o
 .ARM.attributes
                0x00000374       0x39 src/usart_printf.o
 .ARM.attributes
                0x000003ad       0x21 startup/startup_stm32f30x.o
 .ARM.attributes
                0x000003ce       0x34 c:/ac6/systemworkbench/plugins/fr.ac6.mcu.externaltools.arm-none.win32_1.17.0.201812190825/tools/compiler/bin/../lib/gcc/arm-none-eabi/7.3.1/../../../../arm-none-eabi/lib/thumb/v7e-m/fpv4-sp/hard\libc.a(lib_a-impure.o)
 .ARM.attributes
                0x00000402       0x34 c:/ac6/systemworkbench/plugins/fr.ac6.mcu.externaltools.arm-none.win32_1.17.0.201812190825/tools/compiler/bin/../lib/gcc/arm-none-eabi/7.3.1/../../../../arm-none-eabi/lib/thumb/v7e-m/fpv4-sp/hard\libc.a(lib_a-init.o)
 .ARM.attributes
                0x00000436       0x20 c:/ac6/systemworkbench/plugins/fr.ac6.mcu.externaltools.arm-none.win32_1.17.0.201812190825/tools/compiler/bin/../lib/gcc/arm-none-eabi/7.3.1/../../../../arm-none-eabi/lib/thumb/v7e-m/fpv4-sp/hard\libc.a(lib_a-memcpy.o)
 .ARM.attributes
                0x00000456       0x34 c:/ac6/systemworkbench/plugins/fr.ac6.mcu.externaltools.arm-none.win32_1.17.0.201812190825/tools/compiler/bin/../lib/gcc/arm-none-eabi/7.3.1/../../../../arm-none-eabi/lib/thumb/v7e-m/fpv4-sp/hard\libc.a(lib_a-memset.o)
 .ARM.attributes
                0x0000048a       0x34 c:/ac6/systemworkbench/plugins/fr.ac6.mcu.externaltools.arm-none.win32_1.17.0.201812190825/tools/compiler/bin/../lib/gcc/arm-none-eabi/7.3.1/../../../../arm-none-eabi/lib/thumb/v7e-m/fpv4-sp/hard\libc.a(lib_a-__call_atexit.o)
 .ARM.attributes
                0x000004be       0x34 c:/ac6/systemworkbench/plugins/fr.ac6.mcu.externaltools.arm-none.win32_1.17.0.201812190825/tools/compiler/bin/../lib/gcc/arm-none-eabi/7.3.1/../../../../arm-none-eabi/lib/thumb/v7e-m/fpv4-sp/hard\libc.a(lib_a-atexit.o)
 .ARM.attributes
                0x000004f2       0x34 c:/ac6/systemworkbench/plugins/fr.ac6.mcu.externaltools.arm-none.win32_1.17.0.201812190825/tools/compiler/bin/../lib/gcc/arm-none-eabi/7.3.1/../../../../arm-none-eabi/lib/thumb/v7e-m/fpv4-sp/hard\libc.a(lib_a-fini.o)
 .ARM.attributes
                0x00000526       0x34 c:/ac6/systemworkbench/plugins/fr.ac6.mcu.externaltools.arm-none.win32_1.17.0.201812190825/tools/compiler/bin/../lib/gcc/arm-none-eabi/7.3.1/../../../../arm-none-eabi/lib/thumb/v7e-m/fpv4-sp/hard\libc.a(lib_a-lock.o)
 .ARM.attributes
                0x0000055a       0x34 c:/ac6/systemworkbench/plugins/fr.ac6.mcu.externaltools.arm-none.win32_1.17.0.201812190825/tools/compiler/bin/../lib/gcc/arm-none-eabi/7.3.1/../../../../arm-none-eabi/lib/thumb/v7e-m/fpv4-sp/hard\libc.a(lib_a-__atexit.o)
 .ARM.attributes
                0x0000058e       0x22 c:/ac6/systemworkbench/plugins/fr.ac6.mcu.externaltools.arm-none.win32_1.17.0.201812190825/tools/compiler/bin/../lib/gcc/arm-none-eabi/7.3.1/thumb/v7e-m/fpv4-sp/hard/crtn.o
OUTPUT(hippie_v2.elf elf32-littlearm)

.debug_info     0x00000000     0xb8d0
 .debug_info    0x00000000      0x620 StdPeriph_Driver/src/stm32f30x_gpio.o
 .debug_info    0x00000620      0x54b StdPeriph_Driver/src/stm32f30x_misc.o
 .debug_info    0x00000b6b      0xadb StdPeriph_Driver/src/stm32f30x_rcc.o
 .debug_info    0x00001646      0xece StdPeriph_Driver/src/stm32f30x_usart.o
 .debug_info    0x00002514      0xb02 src/FreeRTOS/Source/list.o
 .debug_info    0x00003016     0x1f6e src/FreeRTOS/Source/queue.o
 .debug_info    0x00004f84     0x27ec src/FreeRTOS/Source/tasks.o
 .debug_info    0x00007770     0x1500 src/FreeRTOS/Source/timers.o
 .debug_info    0x00008c70      0x55a src/FreeRTOS/Source/portable/GCC/ARM_CM4F/port.o
 .debug_info    0x000091ca      0xb2b src/FreeRTOS/Source/portable/MemMang/heap_2.o
 .debug_info    0x00009cf5      0x328 src/gpio_config.o
 .debug_info    0x0000a01d      0x134 src/main.o
 .debug_info    0x0000a151      0x290 src/rtos_tasks.o
 .debug_info    0x0000a3e1      0x4c4 src/system_stm32f30x.o
 .debug_info    0x0000a8a5     0x1009 src/usart_printf.o
 .debug_info    0x0000b8ae       0x22 startup/startup_stm32f30x.o

.debug_abbrev   0x00000000     0x1e34
 .debug_abbrev  0x00000000      0x1b0 StdPeriph_Driver/src/stm32f30x_gpio.o
 .debug_abbrev  0x000001b0      0x177 StdPeriph_Driver/src/stm32f30x_misc.o
 .debug_abbrev  0x00000327      0x1fd StdPeriph_Driver/src/stm32f30x_rcc.o
 .debug_abbrev  0x00000524      0x187 StdPeriph_Driver/src/stm32f30x_usart.o
 .debug_abbrev  0x000006ab      0x205 src/FreeRTOS/Source/list.o
 .debug_abbrev  0x000008b0      0x352 src/FreeRTOS/Source/queue.o
 .debug_abbrev  0x00000c02      0x388 src/FreeRTOS/Source/tasks.o
 .debug_abbrev  0x00000f8a      0x2fe src/FreeRTOS/Source/timers.o
 .debug_abbrev  0x00001288      0x221 src/FreeRTOS/Source/portable/GCC/ARM_CM4F/port.o
 .debug_abbrev  0x000014a9      0x265 src/FreeRTOS/Source/portable/MemMang/heap_2.o
 .debug_abbrev  0x0000170e      0x14d src/gpio_config.o
 .debug_abbrev  0x0000185b       0xa7 src/main.o
 .debug_abbrev  0x00001902      0x123 src/rtos_tasks.o
 .debug_abbrev  0x00001a25      0x16c src/system_stm32f30x.o
 .debug_abbrev  0x00001b91      0x291 src/usart_printf.o
 .debug_abbrev  0x00001e22       0x12 startup/startup_stm32f30x.o

.debug_aranges  0x00000000      0x9b8
 .debug_aranges
                0x00000000       0x80 StdPeriph_Driver/src/stm32f30x_gpio.o
 .debug_aranges
                0x00000080       0x40 StdPeriph_Driver/src/stm32f30x_misc.o
 .debug_aranges
                0x000000c0      0x150 StdPeriph_Driver/src/stm32f30x_rcc.o
 .debug_aranges
                0x00000210      0x1a0 StdPeriph_Driver/src/stm32f30x_usart.o
 .debug_aranges
                0x000003b0       0x40 src/FreeRTOS/Source/list.o
 .debug_aranges
                0x000003f0      0x130 src/FreeRTOS/Source/queue.o
 .debug_aranges
                0x00000520      0x1f8 src/FreeRTOS/Source/tasks.o
 .debug_aranges
                0x00000718       0xd8 src/FreeRTOS/Source/timers.o
 .debug_aranges
                0x000007f0       0x80 src/FreeRTOS/Source/portable/GCC/ARM_CM4F/port.o
 .debug_aranges
                0x00000870       0x40 src/FreeRTOS/Source/portable/MemMang/heap_2.o
 .debug_aranges
                0x000008b0       0x28 src/gpio_config.o
 .debug_aranges
                0x000008d8       0x20 src/main.o
 .debug_aranges
                0x000008f8       0x28 src/rtos_tasks.o
 .debug_aranges
                0x00000920       0x30 src/system_stm32f30x.o
 .debug_aranges
                0x00000950       0x40 src/usart_printf.o
 .debug_aranges
                0x00000990       0x28 startup/startup_stm32f30x.o

.debug_ranges   0x00000000      0x8c0
 .debug_ranges  0x00000000       0x70 StdPeriph_Driver/src/stm32f30x_gpio.o
 .debug_ranges  0x00000070       0x30 StdPeriph_Driver/src/stm32f30x_misc.o
 .debug_ranges  0x000000a0      0x140 StdPeriph_Driver/src/stm32f30x_rcc.o
 .debug_ranges  0x000001e0      0x190 StdPeriph_Driver/src/stm32f30x_usart.o
 .debug_ranges  0x00000370       0x30 src/FreeRTOS/Source/list.o
 .debug_ranges  0x000003a0      0x120 src/FreeRTOS/Source/queue.o
 .debug_ranges  0x000004c0      0x1e8 src/FreeRTOS/Source/tasks.o
 .debug_ranges  0x000006a8       0xc8 src/FreeRTOS/Source/timers.o
 .debug_ranges  0x00000770       0x70 src/FreeRTOS/Source/portable/GCC/ARM_CM4F/port.o
 .debug_ranges  0x000007e0       0x30 src/FreeRTOS/Source/portable/MemMang/heap_2.o
 .debug_ranges  0x00000810       0x18 src/gpio_config.o
 .debug_ranges  0x00000828       0x10 src/main.o
 .debug_ranges  0x00000838       0x18 src/rtos_tasks.o
 .debug_ranges  0x00000850       0x20 src/system_stm32f30x.o
 .debug_ranges  0x00000870       0x30 src/usart_printf.o
 .debug_ranges  0x000008a0       0x20 startup/startup_stm32f30x.o

.debug_macro    0x00000000     0x32fa
 .debug_macro   0x00000000      0x19f StdPeriph_Driver/src/stm32f30x_gpio.o
 .debug_macro   0x0000019f      0x19b StdPeriph_Driver/src/stm32f30x_gpio.o
 .debug_macro   0x0000033a      0x1a1 StdPeriph_Driver/src/stm32f30x_misc.o
 .debug_macro   0x000004db       0x83 StdPeriph_Driver/src/stm32f30x_misc.o
 .debug_macro   0x0000055e      0x238 StdPeriph_Driver/src/stm32f30x_rcc.o
 .debug_macro   0x00000796      0x5c0 StdPeriph_Driver/src/stm32f30x_rcc.o
 .debug_macro   0x00000d56      0x1b7 StdPeriph_Driver/src/stm32f30x_usart.o
 .debug_macro   0x00000f0d      0x35e StdPeriph_Driver/src/stm32f30x_usart.o
 .debug_macro   0x0000126b      0x2ad src/FreeRTOS/Source/list.o
 .debug_macro   0x00001518      0x337 src/FreeRTOS/Source/queue.o
 .debug_macro   0x0000184f       0x16 src/FreeRTOS/Source/queue.o
 .debug_macro   0x00001865       0x35 src/FreeRTOS/Source/queue.o
 .debug_macro   0x0000189a       0x80 src/FreeRTOS/Source/queue.o
 .debug_macro   0x0000191a      0x39a src/FreeRTOS/Source/tasks.o
 .debug_macro   0x00001cb4       0x10 src/FreeRTOS/Source/tasks.o
 .debug_macro   0x00001cc4      0x302 src/FreeRTOS/Source/timers.o
 .debug_macro   0x00001fc6       0x97 src/FreeRTOS/Source/timers.o
 .debug_macro   0x0000205d      0x2c9 src/FreeRTOS/Source/portable/GCC/ARM_CM4F/port.o
 .debug_macro   0x00002326      0x2da src/FreeRTOS/Source/portable/MemMang/heap_2.o
 .debug_macro   0x00002600      0x1a5 src/gpio_config.o
 .debug_macro   0x000027a5      0x239 src/main.o
 .debug_macro   0x000029de       0xd8 src/main.o
 .debug_macro   0x00002ab6       0x46 src/main.o
 .debug_macro   0x00002afc      0x100 src/main.o
 .debug_macro   0x00002bfc      0x22d src/rtos_tasks.o
 .debug_macro   0x00002e29      0x19d src/system_stm32f30x.o
 .debug_macro   0x00002fc6      0x334 src/usart_printf.o

.debug_line     0x00000000     0x8cdf
 .debug_line    0x00000000      0x6e8 StdPeriph_Driver/src/stm32f30x_gpio.o
 .debug_line    0x000006e8      0x606 StdPeriph_Driver/src/stm32f30x_misc.o
 .debug_line    0x00000cee      0x94f StdPeriph_Driver/src/stm32f30x_rcc.o
 .debug_line    0x0000163d      0x9d6 StdPeriph_Driver/src/stm32f30x_usart.o
 .debug_line    0x00002013      0x7db src/FreeRTOS/Source/list.o
 .debug_line    0x000027ee     0x1128 src/FreeRTOS/Source/queue.o
 .debug_line    0x00003916     0x147a src/FreeRTOS/Source/tasks.o
 .debug_line    0x00004d90      0xb79 src/FreeRTOS/Source/timers.o
 .debug_line    0x00005909      0x910 src/FreeRTOS/Source/portable/GCC/ARM_CM4F/port.o
 .debug_line    0x00006219      0x82f src/FreeRTOS/Source/portable/MemMang/heap_2.o
 .debug_line    0x00006a48      0x5df src/gpio_config.o
 .debug_line    0x00007027      0x755 src/main.o
 .debug_line    0x0000777c      0x751 src/rtos_tasks.o
 .debug_line    0x00007ecd      0x60e src/system_stm32f30x.o
 .debug_line    0x000084db      0x789 src/usart_printf.o
 .debug_line    0x00008c64       0x7b startup/startup_stm32f30x.o

.debug_str      0x00000000    0x618ed
 .debug_str     0x00000000    0x53d73 StdPeriph_Driver/src/stm32f30x_gpio.o
                              0x53f01 (size before relaxing)
 .debug_str     0x00053d73      0x261 StdPeriph_Driver/src/stm32f30x_misc.o
                              0x53e61 (size before relaxing)
 .debug_str     0x00053fd4      0xa6d StdPeriph_Driver/src/stm32f30x_rcc.o
                              0x546bc (size before relaxing)
 .debug_str     0x00054a41      0x7fc StdPeriph_Driver/src/stm32f30x_usart.o
                              0x54590 (size before relaxing)
 .debug_str     0x0005523d     0x66b9 src/FreeRTOS/Source/list.o
                              0x5a365 (size before relaxing)
 .debug_str     0x0005b8f6     0x16cd src/FreeRTOS/Source/queue.o
                              0x5ba31 (size before relaxing)
 .debug_str     0x0005cfc3     0x1b64 src/FreeRTOS/Source/tasks.o
                              0x5c6f7 (size before relaxing)
 .debug_str     0x0005eb27      0x51d src/FreeRTOS/Source/timers.o
                              0x5be86 (size before relaxing)
 .debug_str     0x0005f044      0x7ef src/FreeRTOS/Source/portable/GCC/ARM_CM4F/port.o
                              0x584ff (size before relaxing)
 .debug_str     0x0005f833      0x357 src/FreeRTOS/Source/portable/MemMang/heap_2.o
                              0x5ac72 (size before relaxing)
 .debug_str     0x0005fb8a       0x50 src/gpio_config.o
                              0x53dc9 (size before relaxing)
 .debug_str     0x0005fbda      0x514 src/main.o
                              0x58172 (size before relaxing)
 .debug_str     0x000600ee       0x2a src/rtos_tasks.o
                              0x57e82 (size before relaxing)
 .debug_str     0x00060118       0x96 src/system_stm32f30x.o
                              0x53d7b (size before relaxing)
 .debug_str     0x000601ae     0x1712 src/usart_printf.o
                              0x586ed (size before relaxing)
 .debug_str     0x000618c0       0x2d startup/startup_stm32f30x.o
                                 0x56 (size before relaxing)

.comment        0x00000000       0x7f
 .comment       0x00000000       0x7f StdPeriph_Driver/src/stm32f30x_gpio.o
                                 0x80 (size before relaxing)
 .comment       0x0000007f       0x80 StdPeriph_Driver/src/stm32f30x_misc.o
 .comment       0x0000007f       0x80 StdPeriph_Driver/src/stm32f30x_rcc.o
 .comment       0x0000007f       0x80 StdPeriph_Driver/src/stm32f30x_usart.o
 .comment       0x0000007f       0x80 src/FreeRTOS/Source/list.o
 .comment       0x0000007f       0x80 src/FreeRTOS/Source/queue.o
 .comment       0x0000007f       0x80 src/FreeRTOS/Source/tasks.o
 .comment       0x0000007f       0x80 src/FreeRTOS/Source/timers.o
 .comment       0x0000007f       0x80 src/FreeRTOS/Source/portable/GCC/ARM_CM4F/port.o
 .comment       0x0000007f       0x80 src/FreeRTOS/Source/portable/MemMang/heap_2.o
 .comment       0x0000007f       0x80 src/gpio_config.o
 .comment       0x0000007f       0x80 src/main.o
 .comment       0x0000007f       0x80 src/rtos_tasks.o
 .comment       0x0000007f       0x80 src/system_stm32f30x.o
 .comment       0x0000007f       0x80 src/usart_printf.o

.debug_frame    0x00000000     0x2958
 .debug_frame   0x00000000      0x214 StdPeriph_Driver/src/stm32f30x_gpio.o
 .debug_frame   0x00000214       0xd8 StdPeriph_Driver/src/stm32f30x_misc.o
 .debug_frame   0x000002ec      0x60c StdPeriph_Driver/src/stm32f30x_rcc.o
 .debug_frame   0x000008f8      0x7b0 StdPeriph_Driver/src/stm32f30x_usart.o
 .debug_frame   0x000010a8       0xd8 src/FreeRTOS/Source/list.o
 .debug_frame   0x00001180      0x530 src/FreeRTOS/Source/queue.o
 .debug_frame   0x000016b0      0x89c src/FreeRTOS/Source/tasks.o
 .debug_frame   0x00001f4c      0x38c src/FreeRTOS/Source/timers.o
 .debug_frame   0x000022d8      0x1a8 src/FreeRTOS/Source/portable/GCC/ARM_CM4F/port.o
 .debug_frame   0x00002480       0xc0 src/FreeRTOS/Source/portable/MemMang/heap_2.o
 .debug_frame   0x00002540       0x5c src/gpio_config.o
 .debug_frame   0x0000259c       0x30 src/main.o
 .debug_frame   0x000025cc       0x50 src/rtos_tasks.o
 .debug_frame   0x0000261c       0x7c src/system_stm32f30x.o
 .debug_frame   0x00002698       0xc8 src/usart_printf.o
 .debug_frame   0x00002760       0x2c c:/ac6/systemworkbench/plugins/fr.ac6.mcu.externaltools.arm-none.win32_1.17.0.201812190825/tools/compiler/bin/../lib/gcc/arm-none-eabi/7.3.1/../../../../arm-none-eabi/lib/thumb/v7e-m/fpv4-sp/hard\libc.a(lib_a-init.o)
 .debug_frame   0x0000278c       0x38 c:/ac6/systemworkbench/plugins/fr.ac6.mcu.externaltools.arm-none.win32_1.17.0.201812190825/tools/compiler/bin/../lib/gcc/arm-none-eabi/7.3.1/../../../../arm-none-eabi/lib/thumb/v7e-m/fpv4-sp/hard\libc.a(lib_a-memset.o)
 .debug_frame   0x000027c4       0x5c c:/ac6/systemworkbench/plugins/fr.ac6.mcu.externaltools.arm-none.win32_1.17.0.201812190825/tools/compiler/bin/../lib/gcc/arm-none-eabi/7.3.1/../../../../arm-none-eabi/lib/thumb/v7e-m/fpv4-sp/hard\libc.a(lib_a-__call_atexit.o)
 .debug_frame   0x00002820       0x20 c:/ac6/systemworkbench/plugins/fr.ac6.mcu.externaltools.arm-none.win32_1.17.0.201812190825/tools/compiler/bin/../lib/gcc/arm-none-eabi/7.3.1/../../../../arm-none-eabi/lib/thumb/v7e-m/fpv4-sp/hard\libc.a(lib_a-atexit.o)
 .debug_frame   0x00002840       0x34 c:/ac6/systemworkbench/plugins/fr.ac6.mcu.externaltools.arm-none.win32_1.17.0.201812190825/tools/compiler/bin/../lib/gcc/arm-none-eabi/7.3.1/../../../../arm-none-eabi/lib/thumb/v7e-m/fpv4-sp/hard\libc.a(lib_a-fini.o)
 .debug_frame   0x00002874       0xb0 c:/ac6/systemworkbench/plugins/fr.ac6.mcu.externaltools.arm-none.win32_1.17.0.201812190825/tools/compiler/bin/../lib/gcc/arm-none-eabi/7.3.1/../../../../arm-none-eabi/lib/thumb/v7e-m/fpv4-sp/hard\libc.a(lib_a-lock.o)
 .debug_frame   0x00002924       0x34 c:/ac6/systemworkbench/plugins/fr.ac6.mcu.externaltools.arm-none.win32_1.17.0.201812190825/tools/compiler/bin/../lib/gcc/arm-none-eabi/7.3.1/../../../../arm-none-eabi/lib/thumb/v7e-m/fpv4-sp/hard\libc.a(lib_a-__atexit.o)
